#-----------------------------------------------------------
# Vivado v2024.2 (64-bit)
# SW Build 5239630 on Fri Nov 08 22:34:34 MST 2024
# IP Build 5239520 on Sun Nov 10 16:12:51 MST 2024
# SharedData Build 5239561 on Fri Nov 08 14:39:27 MST 2024
# Start of session at: Thu May 15 23:27:51 2025
# Process ID         : 64138
# Current directory  : /home/luka/FPGA/digitalnoNacrt/xadc/xadc.runs/impl_1
# Command line       : vivado -log top.vdi -applog -product Vivado -messageDb vivado.pb -mode batch -source top.tcl -notrace
# Log file           : /home/luka/FPGA/digitalnoNacrt/xadc/xadc.runs/impl_1/top.vdi
# Journal file       : /home/luka/FPGA/digitalnoNacrt/xadc/xadc.runs/impl_1/vivado.jou
# Running On         : luka-maschinsky
# Platform           : Ubuntu
# Operating System   : Ubuntu 22.04.3 LTS
# Processor Detail   : Intel(R) Core(TM) i7-7920HQ CPU @ 3.10GHz
# CPU Frequency      : 3878.551 MHz
# CPU Physical cores : 4
# CPU Logical cores  : 8
# Host memory        : 33496 MB
# Swap memory        : 2147 MB
# Total Virtual      : 35643 MB
# Available Virtual  : 29665 MB
#-----------------------------------------------------------
source top.tcl -notrace
