#-----------------------------------------------------------
# Vivado v2024.1 (64-bit)
# SW Build 5076996 on Wed May 22 18:37:14 MDT 2024
# IP Build 5075265 on Wed May 22 21:45:21 MDT 2024
# SharedData Build 5076995 on Wed May 22 18:29:18 MDT 2024
# Start of session at: Wed Dec 11 15:06:08 2024
# Process ID: 7204
# Current directory: E:/FAX/digitalnoNacrt/vaje7/vaje7.runs/microblaze_mcs_0_synth_1
# Command line: vivado.exe -log microblaze_mcs_0.vds -product Vivado -mode batch -messageDb vivado.pb -notrace -source microblaze_mcs_0.tcl
# Log file: E:/FAX/digitalnoNacrt/vaje7/vaje7.runs/microblaze_mcs_0_synth_1/microblaze_mcs_0.vds
# Journal file: E:/FAX/digitalnoNacrt/vaje7/vaje7.runs/microblaze_mcs_0_synth_1\vivado.jou
# Running On        :DESKTOP-VLIJTU5
# Platform          :Windows Server 2016 or Windows 10
# Operating System  :19045
# Processor Detail  :Intel(R) Core(TM) i5-3470 CPU @ 3.20GHz
# CPU Frequency     :3193 MHz
# CPU Physical cores:4
# CPU Logical cores :4
# Host memory       :17091 MB
# Swap memory       :2550 MB
# Total Virtual     :19641 MB
# Available Virtual :13667 MB
#-----------------------------------------------------------
source microblaze_mcs_0.tcl -notrace
